// Jest Snapshot v1, https://goo.gl/fbAQLP

exports[`HTMLTextStyle toCSS should converto CSS 1`] = `"transform: scale(1);transform-origin: top left;display: inline-block;color: #000000;font-size: 26px;font-family: Arial;font-weight: normal;font-style: normal;font-variant: normal;letter-spacing: 0px;text-align: left;padding: 0px;white-space: normal"`;

exports[`HTMLTextStyle toCSS should insert overrides 1`] = `"transform: scale(1);transform-origin: top left;display: inline-block;color: #000000;font-size: 26px;font-family: Arial;font-weight: normal;font-style: normal;font-variant: normal;letter-spacing: 0px;text-align: left;padding: 0px;white-space: normal;color: red"`;

exports[`HTMLTextStyle toCSS should respect scale 1`] = `"transform: scale(2);transform-origin: top left;display: inline-block;color: #000000;font-size: 26px;font-family: Arial;font-weight: normal;font-style: normal;font-variant: normal;letter-spacing: 0px;text-align: left;padding: 0px;white-space: normal;line-height: 50px;word-wrap: break-word;max-width: 200px"`;

exports[`HTMLTextStyle toGlobalCSS should converto CSS 1`] = `""`;

exports[`HTMLTextStyle toGlobalCSS should converto CSS 2`] = `"p { color: red; }"`;
